// Jest Snapshot v1, https://goo.gl/fbAQLP

exports[`Should render CartItem component 1`] = `
<styled.div>
  <styled.img
    alt="item"
    src="www.test.com"
  />
  <styled.div>
    <span
      className="name"
    >
      hats
    </span>
    <span
      className="price"
    >
      2
       x $
      10
    </span>
  </styled.div>
</styled.div>
`;
