// Jest Snapshot v1, https://goo.gl/fbAQLP

exports[`Header component Should render Header component 1`] = `
<styled.div>
  <Styled(Link)
    to="/"
  >
    <ForwardRef(SvgCrown)
      className="logo"
    />
  </Styled(Link)>
  <OptionsContainer>
    <OptionLink
      to="/shop"
    >
      SHOP
    </OptionLink>
    <OptionLink
      to="/contact"
    >
      CONTACT
    </OptionLink>
    <OptionLink
      as="div"
      onClick={[MockFunction]}
    >
      SIGN OUT
    </OptionLink>
    <Connect(CartIcon) />
  </OptionsContainer>
</styled.div>
`;
